<html>
<body>
<pre>
<h1>µVision Build Log</h1>
<h2>Project:</h2>
C:\Users\ezioauditor\Desktop\running\timer\MDK-ARM\timer.uvprojx
Project File Date:  09/27/2018

<h2>Output:</h2>
</pre>
</body>
</html>
iguration'
compiling system_stm32f1xx.c...
compiling stm32f1xx_hal_msp.c...
compiling main.c...
..\Src\main.c(68): warning:  #177-D: variable "stop" was declared but never referenced
        char stop[4];
..\Src\main.c: 1 warning, 0 errors
compiling stm32f1xx_it.c...
assembling startup_stm32f103xb.s...
compiling stm32f1xx_hal_pwr.c...
compiling stm32f1xx_hal_gpio.c...
compiling stm32f1xx_hal_flash_ex.c...
compiling stm32f1xx_hal_cortex.c...
compiling stm32f1xx_hal_rcc_ex.c...
compiling stm32f1xx_hal_gpio_ex.c...
compiling stm32f1xx_hal_rcc.c...
compiling stm32f1xx_hal_dma.c...
compiling stm32f1xx_hal_uart.c...
compiling stm32f1xx_hal_flash.c...
compiling stm32f1xx_hal.c...
linking...
Program Size: Code=8552 RO-data=284 RW-data=24 ZI-data=1696  
FromELF: creating hex file...
"timer Configuration\timer Configuration.axf" - 0 Error(s), 1 Warning(s).
Load "timer Configuration\\timer Configuration.axf" 
Erase Done.
Programming Done.
Verify OK.
</pre>
</body>
</html>
